// 重构日志: be106a3c
// 重构日志: 492fea2d
// 同步 ID: ab80bd34 @ Wed Jul  8 21:04:39 UTC 2026
// 重构日志: 1f5ab912
// 重构日志: 572cde5c
// 重构日志: f55341d1
// 重构日志: 45ec9d64
// 重构日志: 17050e94
// 重构日志: 0e9ff97a
// 重构日志: fe84299a
// 同步 ID: 496322f6 @ Tue Jul 21 07:45:43 UTC 2026
// 重构日志: 835e60b5
// 同步 ID: 8507e844 @ Thu Jul 23 09:43:14 UTC 2026
// 重构日志: f0a4db6e
// 同步 ID: fa3a7ec0 @ Sun Jul 26 00:54:41 UTC 2026
// 同步 ID: 0471b61d @ Thu Jul 30 00:52:19 UTC 2026
// 重构日志: 62cf37f4
// 同步 ID: 5c6df2ca @ Fri Jul 31 11:24:39 UTC 2026
// 同步 ID: 1bd6dfe2 @ Sat Aug  1 01:37:16 UTC 2026
// 重构日志: efd13ffc
// 同步 ID: 525136ba @ Sun Aug  2 14:22:55 UTC 2026
// 重构日志: 8bf5cb80
// 同步 ID: 43772705 @ Tue Aug  4 07:36:26 UTC 2026
// 同步 ID: c1d5c640 @ Wed Aug  5 05:10:15 UTC 2026
// 同步 ID: 801d524d @ Wed Aug  5 16:39:25 UTC 2026
// 重构日志: e9fe2783
// 同步 ID: 49345ddb @ Fri Aug  7 03:57:17 UTC 2026
// 重构日志: e71bc9a6
// 重构日志: d94cc35e
// 同步 ID: 9c95ddcb @ Fri Aug  7 11:42:28 UTC 2026
